
> client@0.0.0 build
> vite build

[36mvite v7.3.1 [32mbuilding client environment for production...[36m[39m
transforming...
[32mΓ£ô[39m 182 modules transformed.
node.exe : [31mΓ£ù[39m 
Build failed in 6.70s
At line:1 char:1
+ & "C:\Program 
Files\nodejs/node.exe" 
"C:\Program 
Files\nodejs/node_mo ...
+ ~~~~~~~~~~~~~~~~~~~~~~~~~
~~~~~~~~~~~~~~~~~~~~~~~~~~~
~~~~~~~~~~~~~~~~~
    + CategoryInfo         
     : NotSpecified: ([3  
  1mΓ£ù[39m Build faile   
 d in 6.70s:String) [],    
 RemoteException
    + FullyQualifiedErrorI 
   d : NativeCommandError
 
[31merror during build:
[31m[vite:esbuild] 
Transform failed with 1 
error:
D:/2026 Projects/localXperi
ences/client/src/components
/experience/ExperienceCard.
jsx:6:8: ERROR: Expected 
"}" but found "{"[31m
file: [36mD:/2026 Projects
/localXperiences/client/src
/components/experience/Expe
rienceCard.jsx:6:8[31m
[33m
[33mExpected "}" but 
found "{"[33m
4  |  
5  |  export default 
function ExperienceCard({
6  |    const { t } = 
useTranslation();
   |          ^
7  |  
8  |    experience,
[31m
    at failureErrorWithLog 
(D:\2026 Projects\localXper
iences\client\node_modules\
esbuild\lib\main.js:1467:15
)
    at D:\2026 Projects\loc
alXperiences\client\node_mo
dules\esbuild\lib\main.js:7
36:50
    at responseCallbacks.<c
omputed> (D:\2026 Projects\
localXperiences\client\node
_modules\esbuild\lib\main.j
s:603:9)
    at 
handleIncomingPacket 
(D:\2026 Projects\localXper
iences\client\node_modules\
esbuild\lib\main.js:658:12)
    at 
Socket.readFromStdout 
(D:\2026 Projects\localXper
iences\client\node_modules\
esbuild\lib\main.js:581:7)
    at Socket.emit 
(node:events:519:28)
    at addChunk (node:inter
nal/streams/readable:561:12
)
    at readableAddChunkPush
ByteMode (node:internal/str
eams/readable:512:3)
    at Readable.push (node:
internal/streams/readable:3
92:5)
    at Pipe.onStreamRead (n
ode:internal/stream_base_co
mmons:189:23)[39m
